// Jest Snapshot v1, https://goo.gl/fbAQLP

exports[`Should render users action checkbox Should match snapshot  1`] = `"<span class=\\"MuiButtonBase-root-165 MuiIconButton-root-159 MuiPrivateSwitchBase-root-155 MuiCheckbox-root-149 MuiCheckbox-colorPrimary-153\\" style=\\"height: 16px;\\"><span class=\\"MuiIconButton-label-164\\"><svg class=\\"MuiSvgIcon-root-168\\" focusable=\\"false\\" viewBox=\\"0 0 24 24\\" aria-hidden=\\"true\\" role=\\"presentation\\"><path d=\\"M19 5v14H5V5h14m0-2H5c-1.1 0-2 .9-2 2v14c0 1.1.9 2 2 2h14c1.1 0 2-.9 2-2V5c0-1.1-.9-2-2-2z\\"></path></svg><input class=\\"MuiPrivateSwitchBase-input-158\\" type=\\"checkbox\\" data-indeterminate=\\"false\\" value=\\"\\"></span><span class=\\"MuiTouchRipple-root-177\\"></span></span>"`;
