// Jest Snapshot v1, https://goo.gl/fbAQLP

exports[`Should render Button with styles and options Should match snapshot 1`] = `"<li class=\\"MuiListItem-root-347 MuiListItem-default-350 MuiListItem-gutters-355\\" style=\\"padding: 0px; margin-top: 3px; margin-bottom: 3px;\\"><button class=\\"MuiButtonBase-root-365 MuiIconButton-root-359 TopInfoBarButton-desktop-324\\" tabindex=\\"0\\" type=\\"button\\" aria-label=\\"test-alt\\"><span class=\\"MuiIconButton-label-364\\"><img style=\\"width: 24px;\\" src=\\"csv-file-format-symbol.svg\\" alt=\\"test-alt\\"></span><span class=\\"MuiTouchRipple-root-394\\"></span></button><button class=\\"MuiButtonBase-root-365 MuiButton-root-368 MuiButton-text-370 MuiButton-flat-373 MuiButton-sizeSmall-391 TopInfoBarButton-mobile-322\\" tabindex=\\"0\\" type=\\"button\\" style=\\"font-size: 0.5rem;\\"><span class=\\"MuiButton-label-369\\">TEST</span><span class=\\"MuiTouchRipple-root-394\\"></span></button></li>"`;
